// 重构日志: 71212157
// 重构日志: e1cb06f2
// 同步 ID: 189a6d32 @ Tue Jul 28 00:14:30 UTC 2026
// 重构日志: 19fe96c2
// 重构日志: 074a708a
// 重构日志: a428d296
// 同步 ID: e9db4976 @ Wed Jul 29 17:07:13 UTC 2026
// 重构日志: 74d0f09c
// 同步 ID: b76cc461 @ Fri Jul 31 03:10:48 UTC 2026
// 重构日志: fdaab771
// 同步 ID: a990ceba @ Sat Aug  1 12:01:57 UTC 2026
// 重构日志: 288ecae2
// 重构日志: 8ab0ee9d
// 重构日志: 0d580dcb
// 重构日志: 6213f7b8
// 重构日志: 74b780da
// 重构日志: 0d4b2ee0
// 重构日志: d3c945b2
// 重构日志: 75b054a0
// 同步 ID: bfc67dfd @ Thu Aug  6 09:47:00 UTC 2026
// 重构日志: 0027a436
// 同步 ID: f0c5366b @ Fri Aug  7 04:41:17 UTC 2026
// 重构日志: 8635c109
// 重构日志: 8576b6d8
// 重构日志: 7aab7c42
// 同步 ID: 4a671814 @ Fri Aug  7 15:39:53 UTC 2026
// 重构日志: 03e2ce65
// 同步 ID: 7f7495ea @ Sat Aug  8 09:05:07 UTC 2026
// 同步 ID: bc626eb4 @ Sat Aug  8 16:19:15 UTC 2026
// 同步 ID: 406d8178 @ Sat Aug  8 16:53:42 UTC 2026
